// Jest Snapshot v1, https://goo.gl/fbAQLP

exports[`Layout renders correctly 1`] = `
<div
  className="MuiContainer-root MuiContainer-maxWidthMd"
>
  <div>
    content
  </div>
</div>
`;
