// Jest Snapshot v1, https://goo.gl/fbAQLP

exports[`Layout Matches snapshot 1`] = `
<div
  class="MuiContainer-root MuiContainer-maxWidthLg"
>
  <div>
    content
  </div>
</div>
`;
