// Jest Snapshot v1, https://goo.gl/fbAQLP

exports[`LinearProgressWithLabel Matches snapshot 1`] = `
<div
  class="MuiBox-root MuiBox-root-1"
>
  <div
    class="MuiBox-root MuiBox-root-2"
  >
    <div
      aria-valuemax="100"
      aria-valuemin="0"
      aria-valuenow="50"
      class="MuiLinearProgress-root MuiLinearProgress-colorPrimary MuiLinearProgress-determinate"
      role="progressbar"
    >
      <div
        class="MuiLinearProgress-bar MuiLinearProgress-barColorPrimary MuiLinearProgress-bar1Determinate"
        style="transform: translateX(-50%);"
      />
    </div>
  </div>
  <div
    class="MuiBox-root MuiBox-root-3"
  >
    <p
      class="MuiTypography-root MuiTypography-body2 MuiTypography-colorTextSecondary"
    >
      5
      /10
    </p>
  </div>
</div>
`;
