// Jest Snapshot v1, https://goo.gl/fbAQLP

exports[`NotFoundPage Matches snapshot 1`] = `
<div
  class="MuiContainer-root MuiContainer-maxWidthLg"
>
  <h1>
    NOT FOUND
  </h1>
  <p>
    You just hit a route that doesn't exist... the sadness.
  </p>
</div>
`;
