// Jest Snapshot v1, https://goo.gl/fbAQLP

exports[`Seo Matches snapshot 1`] = `null`;
